// Jest Snapshot v1, https://goo.gl/fbAQLP

exports[`<Mask /> matches the snapshot 1`] = `
.c0 {
  position: absolute;
  width: 100%;
  height: 100%;
}

.c0:after {
  position: absolute;
  content: "";
  z-index: 10;
  top: 0;
  bottom: 0;
  left: 0;
  right: 0;
  background-color: rgba(255,255,255,0.5);
}

<div
  className="c0"
/>
`;
